// License header line 1
// License header line 2

package test

func main() {
}
